#
# There is insufficient memory for the Java Runtime Environment to continue.
# Native memory allocation (malloc) failed to allocate 1919216 bytes. Error detail: Chunk::new
# Possible reasons:
#   The system is out of physical RAM or swap space
#   This process is running with CompressedOops enabled, and the Java Heap may be blocking the growth of the native heap
# Possible solutions:
#   Reduce memory load on the system
#   Increase physical memory or swap space
#   Check if swap backing store is full
#   Decrease Java heap size (-Xmx/-Xms)
#   Decrease number of Java threads
#   Decrease Java thread stack sizes (-Xss)
#   Set larger code cache with -XX:ReservedCodeCacheSize=
#   JVM is running with Zero Based Compressed Oops mode in which the Java heap is
#     placed in the first 32GB address space. The Java Heap base address is the
#     maximum limit for the native heap growth. Please use -XX:HeapBaseMinAddress
#     to set the Java Heap base and to place the Java Heap above 32GB virtual address.
# This output file may be truncated or incomplete.
#
#  Out of Memory Error (arena.cpp:149), pid=19816, tid=29940
#
# JRE version: Java(TM) SE Runtime Environment (23.0.2+7) (build 23.0.2+7-58)
# Java VM: Java HotSpot(TM) 64-Bit Server VM (23.0.2+7-58, mixed mode, sharing, tiered, compressed oops, compressed class ptrs, g1 gc, windows-amd64)
# No core dump will be written. Minidumps are not enabled by default on client versions of Windows
#

---------------  S U M M A R Y ------------

Command Line: -Dfile.encoding=UTF-8 --module-path=C:\Users\LENOVO\OneDrive\Documents\NetBeansProjects\AirlineManagementSystem\build\classes airlinemanagementsystem.Home

Host: 13th Gen Intel(R) Core(TM) i5-13420H, 12 cores, 15G,  Windows 11 , 64 bit Build 26100 (10.0.26100.3775)
Time: Tue Apr 29 00:45:30 2025 India Standard Time elapsed time: 25.125624 seconds (0d 0h 0m 25s)

---------------  T H R E A D  ---------------

Current thread (0x0000023265a0dfe0):  JavaThread "C2 CompilerThread0" daemon [_thread_in_native, id=29940, stack(0x0000004feb500000,0x0000004feb600000) (1024K)]


Current CompileTask:
C2:25125 1991       4       java.lang.invoke.MethodType::makeImpl (109 bytes)

Stack: [0x0000004feb500000,0x0000004feb600000]
Native frames: (J=compiled Java code, j=interpreted, Vv=VM code, C=native code)
V  [jvm.dll+0x6e0b99]  (no source info available)
V  [jvm.dll+0x87e2b3]  (no source info available)
V  [jvm.dll+0x88073e]  (no source info available)
V  [jvm.dll+0x880e13]  (no source info available)
V  [jvm.dll+0x27b006]  (no source info available)
V  [jvm.dll+0xbc06f]  (no source info available)
V  [jvm.dll+0xbc2cb]  (no source info available)
V  [jvm.dll+0x3b3c22]  (no source info available)
V  [jvm.dll+0x38a55b]  (no source info available)
V  [jvm.dll+0x3899ca]  (no source info available)
V  [jvm.dll+0x244ba1]  (no source info available)
V  [jvm.dll+0x243eff]  (no source info available)
V  [jvm.dll+0x1c34b0]  (no source info available)
V  [jvm.dll+0x253df1]  (no source info available)
V  [jvm.dll+0x2520aa]  (no source info available)
V  [jvm.dll+0x3ee226]  (no source info available)
V  [jvm.dll+0x8254cb]  (no source info available)
V  [jvm.dll+0x6df345]  (no source info available)
C  [ucrtbase.dll+0x37b0]  (no source info available)
C  [KERNEL32.DLL+0x2e8d7]  (no source info available)
C  [ntdll.dll+0xb14fc]  (no source info available)

Lock stack of current Java thread (top to bottom):


---------------  P R O C E S S  ---------------

Threads class SMR info:
_java_thread_list=0x0000023241cc3f30, length=15, elements={
0x0000023265a00bb0, 0x0000023265a01610, 0x0000023265a04e30, 0x0000023265a06290,
0x0000023265a07d80, 0x0000023265a08a40, 0x0000023265a0dfe0, 0x0000023265a16970,
0x0000023241103640, 0x00000232411fe910, 0x0000023241406e60, 0x00000232415d2b40,
0x00000232413c3ee0, 0x0000023241052360, 0x0000023243eeed30
}

Java Threads: ( => current thread )
  0x0000023265a00bb0 JavaThread "Reference Handler"          daemon [_thread_blocked, id=49572, stack(0x0000004feaf00000,0x0000004feb000000) (1024K)]
  0x0000023265a01610 JavaThread "Finalizer"                  daemon [_thread_blocked, id=33984, stack(0x0000004feb000000,0x0000004feb100000) (1024K)]
  0x0000023265a04e30 JavaThread "Signal Dispatcher"          daemon [_thread_blocked, id=26460, stack(0x0000004feb100000,0x0000004feb200000) (1024K)]
  0x0000023265a06290 JavaThread "Attach Listener"            daemon [_thread_blocked, id=46352, stack(0x0000004feb200000,0x0000004feb300000) (1024K)]
  0x0000023265a07d80 JavaThread "Service Thread"             daemon [_thread_blocked, id=20960, stack(0x0000004feb300000,0x0000004feb400000) (1024K)]
  0x0000023265a08a40 JavaThread "Monitor Deflation Thread"   daemon [_thread_blocked, id=27580, stack(0x0000004feb400000,0x0000004feb500000) (1024K)]
=>0x0000023265a0dfe0 JavaThread "C2 CompilerThread0"         daemon [_thread_in_native, id=29940, stack(0x0000004feb500000,0x0000004feb600000) (1024K)]
  0x0000023265a16970 JavaThread "C1 CompilerThread0"         daemon [_thread_blocked, id=48884, stack(0x0000004feb600000,0x0000004feb700000) (1024K)]
  0x0000023241103640 JavaThread "Common-Cleaner"             daemon [_thread_blocked, id=44588, stack(0x0000004feb700000,0x0000004feb800000) (1024K)]
  0x00000232411fe910 JavaThread "Notification Thread"        daemon [_thread_blocked, id=47536, stack(0x0000004feb900000,0x0000004feba00000) (1024K)]
  0x0000023241406e60 JavaThread "Java2D Disposer"            daemon [_thread_blocked, id=45812, stack(0x0000004feb800000,0x0000004feb900000) (1024K)]
  0x00000232415d2b40 JavaThread "AWT-Windows"                daemon [_thread_in_native, id=23240, stack(0x0000004febb00000,0x0000004febc00000) (1024K)]
  0x00000232413c3ee0 JavaThread "AWT-Shutdown"                      [_thread_blocked, id=45504, stack(0x0000004feba00000,0x0000004febb00000) (1024K)]
  0x0000023241052360 JavaThread "AWT-EventQueue-0"                  [_thread_blocked, id=27776, stack(0x0000004febd00000,0x0000004febe00000) (1024K)]
  0x0000023243eeed30 JavaThread "DestroyJavaVM"                     [_thread_blocked, id=7576, stack(0x0000004fea700000,0x0000004fea800000) (1024K)]
Total: 15

Other Threads:
  0x00000232659e7ac0 VMThread "VM Thread"                           [id=13788, stack(0x0000004feae00000,0x0000004feaf00000) (1024K)]
  0x00000232659d0f40 WatcherThread "VM Periodic Task Thread"        [id=3268, stack(0x0000004fead00000,0x0000004feae00000) (1024K)]
  0x00000232462cdc90 WorkerThread "GC Thread#0"                     [id=42620, stack(0x0000004fea800000,0x0000004fea900000) (1024K)]
  0x0000023241614f10 WorkerThread "GC Thread#1"                     [id=8912, stack(0x0000004febe00000,0x0000004febf00000) (1024K)]
  0x00000232416138f0 WorkerThread "GC Thread#2"                     [id=45696, stack(0x0000004febf00000,0x0000004fec000000) (1024K)]
  0x000002324128ad30 WorkerThread "GC Thread#3"                     [id=44068, stack(0x0000004fec000000,0x0000004fec100000) (1024K)]
  0x000002324128d210 WorkerThread "GC Thread#4"                     [id=42480, stack(0x0000004fec100000,0x0000004fec200000) (1024K)]
  0x000002324128c350 WorkerThread "GC Thread#5"                     [id=26544, stack(0x0000004fec200000,0x0000004fec300000) (1024K)]
  0x000002324128b840 WorkerThread "GC Thread#6"                     [id=22100, stack(0x0000004fec300000,0x0000004fec400000) (1024K)]
  0x000002324128cab0 WorkerThread "GC Thread#7"                     [id=23296, stack(0x0000004fec400000,0x0000004fec500000) (1024K)]
  0x000002324128c700 WorkerThread "GC Thread#8"                     [id=11424, stack(0x0000004fec500000,0x0000004fec600000) (1024K)]
  0x000002324128d970 WorkerThread "GC Thread#9"                     [id=1672, stack(0x0000004fec600000,0x0000004fec700000) (1024K)]
  0x00000232462e3700 ConcurrentGCThread "G1 Main Marker"            [id=46500, stack(0x0000004fea900000,0x0000004feaa00000) (1024K)]
  0x00000232462e4210 WorkerThread "G1 Conc#0"                       [id=45592, stack(0x0000004feaa00000,0x0000004feab00000) (1024K)]
  0x000002324632e750 ConcurrentGCThread "G1 Refine#0"               [id=23768, stack(0x0000004feab00000,0x0000004feac00000) (1024K)]
  0x000002326589a7d0 ConcurrentGCThread "G1 Service"                [id=37008, stack(0x0000004feac00000,0x0000004fead00000) (1024K)]
Total: 16

Threads with active compile tasks:
C2 CompilerThread0  25213 1991       4       java.lang.invoke.MethodType::makeImpl (109 bytes)
Total: 1

VM state: not at safepoint (normal execution)

VM Mutex/Monitor currently owned by a thread: None

Heap address: 0x0000000704c00000, size: 4020 MB, Compressed Oops mode: Zero based, Oop shift amount: 3

CDS archive(s) mapped at: [0x0000023200000000-0x0000023200d70000-0x0000023200d70000), size 14090240, SharedBaseAddress: 0x0000023200000000, ArchiveRelocationMode: 1.
Compressed class space mapped at: 0x0000023201000000-0x0000023241000000, reserved size: 1073741824
Narrow klass base: 0x0000023200000000, Narrow klass shift: 0, Narrow klass range: 0x41000000

GC Precious Log:
 CardTable entry size: 512
 Card Set container configuration: InlinePtr #cards 4 size 8 Array Of Cards #cards 16 size 48 Howl #buckets 8 coarsen threshold 3686 Howl Bitmap #cards 512 size 80 coarsen threshold 460 Card regions per heap region 1 cards per card region 4096
 CPUs: 12 total, 12 available
 Memory: 16076M
 Large Page Support: Disabled
 NUMA Support: Disabled
 Compressed Oops: Enabled (Zero based)
 Heap Region Size: 2M
 Heap Min Capacity: 8M
 Heap Initial Capacity: 252M
 Heap Max Capacity: 4020M
 Pre-touch: Disabled
 Parallel Workers: 10
 Concurrent Workers: 3
 Concurrent Refinement Workers: 10
 Periodic GC: Disabled

Heap:
 garbage-first heap   total reserved 4116480K, committed 258048K, used 15169K [0x0000000704c00000, 0x0000000800000000)
  region size 2048K, 4 young (8192K), 2 survivors (4096K)
 Metaspace       used 10878K, committed 11392K, reserved 1114112K
  class space    used 1308K, committed 1536K, reserved 1048576K

Heap Regions: E=young(eden), S=young(survivor), O=old, HS=humongous(starts), HC=humongous(continues), CS=collection set, F=free, TAMS=top-at-mark-start, PB=parsable bottom
|   0|0x0000000704c00000, 0x0000000704e00000, 0x0000000704e00000|100%|HS|  |TAMS 0x0000000704c00000| PB 0x0000000704c00000| Complete |  0
|   1|0x0000000704e00000, 0x0000000705000000, 0x0000000705000000|100%|HC|  |TAMS 0x0000000704e00000| PB 0x0000000704e00000| Complete |  0
|   2|0x0000000705000000, 0x0000000705200000, 0x0000000705200000|100%|HC|  |TAMS 0x0000000705000000| PB 0x0000000705000000| Complete |  0
|   3|0x0000000705200000, 0x0000000705400000, 0x0000000705400000|100%|HC|  |TAMS 0x0000000705200000| PB 0x0000000705200000| Complete |  0
|   4|0x0000000705400000, 0x00000007054d0520, 0x0000000705600000| 40%| O|  |TAMS 0x0000000705400000| PB 0x0000000705400000| Untracked |  0
|   5|0x0000000705600000, 0x0000000705600000, 0x0000000705800000|  0%| F|  |TAMS 0x0000000705600000| PB 0x0000000705600000| Untracked |  0
|   6|0x0000000705800000, 0x0000000705800000, 0x0000000705a00000|  0%| F|  |TAMS 0x0000000705800000| PB 0x0000000705800000| Untracked |  0
|   7|0x0000000705a00000, 0x0000000705a00000, 0x0000000705c00000|  0%| F|  |TAMS 0x0000000705a00000| PB 0x0000000705a00000| Untracked |  0
|   8|0x0000000705c00000, 0x0000000705c00000, 0x0000000705e00000|  0%| F|  |TAMS 0x0000000705c00000| PB 0x0000000705c00000| Untracked |  0
|   9|0x0000000705e00000, 0x0000000705e00000, 0x0000000706000000|  0%| F|  |TAMS 0x0000000705e00000| PB 0x0000000705e00000| Untracked |  0
|  10|0x0000000706000000, 0x0000000706000000, 0x0000000706200000|  0%| F|  |TAMS 0x0000000706000000| PB 0x0000000706000000| Untracked |  0
|  11|0x0000000706200000, 0x0000000706200000, 0x0000000706400000|  0%| F|  |TAMS 0x0000000706200000| PB 0x0000000706200000| Untracked |  0
|  12|0x0000000706400000, 0x0000000706400000, 0x0000000706600000|  0%| F|  |TAMS 0x0000000706400000| PB 0x0000000706400000| Untracked |  0
|  13|0x0000000706600000, 0x0000000706600000, 0x0000000706800000|  0%| F|  |TAMS 0x0000000706600000| PB 0x0000000706600000| Untracked |  0
|  14|0x0000000706800000, 0x0000000706800000, 0x0000000706a00000|  0%| F|  |TAMS 0x0000000706800000| PB 0x0000000706800000| Untracked |  0
|  15|0x0000000706a00000, 0x0000000706a00000, 0x0000000706c00000|  0%| F|  |TAMS 0x0000000706a00000| PB 0x0000000706a00000| Untracked |  0
|  16|0x0000000706c00000, 0x0000000706c00000, 0x0000000706e00000|  0%| F|  |TAMS 0x0000000706c00000| PB 0x0000000706c00000| Untracked |  0
|  17|0x0000000706e00000, 0x0000000706e00000, 0x0000000707000000|  0%| F|  |TAMS 0x0000000706e00000| PB 0x0000000706e00000| Untracked |  0
|  18|0x0000000707000000, 0x0000000707000000, 0x0000000707200000|  0%| F|  |TAMS 0x0000000707000000| PB 0x0000000707000000| Untracked |  0
|  19|0x0000000707200000, 0x0000000707200000, 0x0000000707400000|  0%| F|  |TAMS 0x0000000707200000| PB 0x0000000707200000| Untracked |  0
|  20|0x0000000707400000, 0x0000000707400000, 0x0000000707600000|  0%| F|  |TAMS 0x0000000707400000| PB 0x0000000707400000| Untracked |  0
|  21|0x0000000707600000, 0x0000000707600000, 0x0000000707800000|  0%| F|  |TAMS 0x0000000707600000| PB 0x0000000707600000| Untracked |  0
|  22|0x0000000707800000, 0x0000000707800000, 0x0000000707a00000|  0%| F|  |TAMS 0x0000000707800000| PB 0x0000000707800000| Untracked |  0
|  23|0x0000000707a00000, 0x0000000707a00000, 0x0000000707c00000|  0%| F|  |TAMS 0x0000000707a00000| PB 0x0000000707a00000| Untracked |  0
|  24|0x0000000707c00000, 0x0000000707c00000, 0x0000000707e00000|  0%| F|  |TAMS 0x0000000707c00000| PB 0x0000000707c00000| Untracked |  0
|  25|0x0000000707e00000, 0x0000000707e00000, 0x0000000708000000|  0%| F|  |TAMS 0x0000000707e00000| PB 0x0000000707e00000| Untracked |  0
|  26|0x0000000708000000, 0x0000000708000000, 0x0000000708200000|  0%| F|  |TAMS 0x0000000708000000| PB 0x0000000708000000| Untracked |  0
|  27|0x0000000708200000, 0x0000000708200000, 0x0000000708400000|  0%| F|  |TAMS 0x0000000708200000| PB 0x0000000708200000| Untracked |  0
|  28|0x0000000708400000, 0x0000000708400000, 0x0000000708600000|  0%| F|  |TAMS 0x0000000708400000| PB 0x0000000708400000| Untracked |  0
|  29|0x0000000708600000, 0x0000000708600000, 0x0000000708800000|  0%| F|  |TAMS 0x0000000708600000| PB 0x0000000708600000| Untracked |  0
|  30|0x0000000708800000, 0x0000000708800000, 0x0000000708a00000|  0%| F|  |TAMS 0x0000000708800000| PB 0x0000000708800000| Untracked |  0
|  31|0x0000000708a00000, 0x0000000708a00000, 0x0000000708c00000|  0%| F|  |TAMS 0x0000000708a00000| PB 0x0000000708a00000| Untracked |  0
|  32|0x0000000708c00000, 0x0000000708c00000, 0x0000000708e00000|  0%| F|  |TAMS 0x0000000708c00000| PB 0x0000000708c00000| Untracked |  0
|  33|0x0000000708e00000, 0x0000000708e00000, 0x0000000709000000|  0%| F|  |TAMS 0x0000000708e00000| PB 0x0000000708e00000| Untracked |  0
|  34|0x0000000709000000, 0x0000000709000000, 0x0000000709200000|  0%| F|  |TAMS 0x0000000709000000| PB 0x0000000709000000| Untracked |  0
|  35|0x0000000709200000, 0x0000000709200000, 0x0000000709400000|  0%| F|  |TAMS 0x0000000709200000| PB 0x0000000709200000| Untracked |  0
|  36|0x0000000709400000, 0x0000000709400000, 0x0000000709600000|  0%| F|  |TAMS 0x0000000709400000| PB 0x0000000709400000| Untracked |  0
|  37|0x0000000709600000, 0x0000000709600000, 0x0000000709800000|  0%| F|  |TAMS 0x0000000709600000| PB 0x0000000709600000| Untracked |  0
|  38|0x0000000709800000, 0x0000000709800000, 0x0000000709a00000|  0%| F|  |TAMS 0x0000000709800000| PB 0x0000000709800000| Untracked |  0
|  39|0x0000000709a00000, 0x0000000709a00000, 0x0000000709c00000|  0%| F|  |TAMS 0x0000000709a00000| PB 0x0000000709a00000| Untracked |  0
|  40|0x0000000709c00000, 0x0000000709c00000, 0x0000000709e00000|  0%| F|  |TAMS 0x0000000709c00000| PB 0x0000000709c00000| Untracked |  0
|  41|0x0000000709e00000, 0x0000000709e00000, 0x000000070a000000|  0%| F|  |TAMS 0x0000000709e00000| PB 0x0000000709e00000| Untracked |  0
|  42|0x000000070a000000, 0x000000070a000000, 0x000000070a200000|  0%| F|  |TAMS 0x000000070a000000| PB 0x000000070a000000| Untracked |  0
|  43|0x000000070a200000, 0x000000070a200000, 0x000000070a400000|  0%| F|  |TAMS 0x000000070a200000| PB 0x000000070a200000| Untracked |  0
|  44|0x000000070a400000, 0x000000070a400000, 0x000000070a600000|  0%| F|  |TAMS 0x000000070a400000| PB 0x000000070a400000| Untracked |  0
|  45|0x000000070a600000, 0x000000070a600000, 0x000000070a800000|  0%| F|  |TAMS 0x000000070a600000| PB 0x000000070a600000| Untracked |  0
|  46|0x000000070a800000, 0x000000070a800000, 0x000000070aa00000|  0%| F|  |TAMS 0x000000070a800000| PB 0x000000070a800000| Untracked |  0
|  47|0x000000070aa00000, 0x000000070aa00000, 0x000000070ac00000|  0%| F|  |TAMS 0x000000070aa00000| PB 0x000000070aa00000| Untracked |  0
|  48|0x000000070ac00000, 0x000000070ac00000, 0x000000070ae00000|  0%| F|  |TAMS 0x000000070ac00000| PB 0x000000070ac00000| Untracked |  0
|  49|0x000000070ae00000, 0x000000070ae00000, 0x000000070b000000|  0%| F|  |TAMS 0x000000070ae00000| PB 0x000000070ae00000| Untracked |  0
|  50|0x000000070b000000, 0x000000070b000000, 0x000000070b200000|  0%| F|  |TAMS 0x000000070b000000| PB 0x000000070b000000| Untracked |  0
|  51|0x000000070b200000, 0x000000070b200000, 0x000000070b400000|  0%| F|  |TAMS 0x000000070b200000| PB 0x000000070b200000| Untracked |  0
|  52|0x000000070b400000, 0x000000070b400000, 0x000000070b600000|  0%| F|  |TAMS 0x000000070b400000| PB 0x000000070b400000| Untracked |  0
|  53|0x000000070b600000, 0x000000070b600000, 0x000000070b800000|  0%| F|  |TAMS 0x000000070b600000| PB 0x000000070b600000| Untracked |  0
|  54|0x000000070b800000, 0x000000070b800000, 0x000000070ba00000|  0%| F|  |TAMS 0x000000070b800000| PB 0x000000070b800000| Untracked |  0
|  55|0x000000070ba00000, 0x000000070ba00000, 0x000000070bc00000|  0%| F|  |TAMS 0x000000070ba00000| PB 0x000000070ba00000| Untracked |  0
|  56|0x000000070bc00000, 0x000000070bc00000, 0x000000070be00000|  0%| F|  |TAMS 0x000000070bc00000| PB 0x000000070bc00000| Untracked |  0
|  57|0x000000070be00000, 0x000000070be00000, 0x000000070c000000|  0%| F|  |TAMS 0x000000070be00000| PB 0x000000070be00000| Untracked |  0
|  58|0x000000070c000000, 0x000000070c000000, 0x000000070c200000|  0%| F|  |TAMS 0x000000070c000000| PB 0x000000070c000000| Untracked |  0
|  59|0x000000070c200000, 0x000000070c200000, 0x000000070c400000|  0%| F|  |TAMS 0x000000070c200000| PB 0x000000070c200000| Untracked |  0
|  60|0x000000070c400000, 0x000000070c400000, 0x000000070c600000|  0%| F|  |TAMS 0x000000070c400000| PB 0x000000070c400000| Untracked |  0
|  61|0x000000070c600000, 0x000000070c600000, 0x000000070c800000|  0%| F|  |TAMS 0x000000070c600000| PB 0x000000070c600000| Untracked |  0
|  62|0x000000070c800000, 0x000000070c800000, 0x000000070ca00000|  0%| F|  |TAMS 0x000000070c800000| PB 0x000000070c800000| Untracked |  0
|  63|0x000000070ca00000, 0x000000070ca00000, 0x000000070cc00000|  0%| F|  |TAMS 0x000000070ca00000| PB 0x000000070ca00000| Untracked |  0
|  64|0x000000070cc00000, 0x000000070cc00000, 0x000000070ce00000|  0%| F|  |TAMS 0x000000070cc00000| PB 0x000000070cc00000| Untracked |  0
|  65|0x000000070ce00000, 0x000000070ce00000, 0x000000070d000000|  0%| F|  |TAMS 0x000000070ce00000| PB 0x000000070ce00000| Untracked |  0
|  66|0x000000070d000000, 0x000000070d000000, 0x000000070d200000|  0%| F|  |TAMS 0x000000070d000000| PB 0x000000070d000000| Untracked |  0
|  67|0x000000070d200000, 0x000000070d200000, 0x000000070d400000|  0%| F|  |TAMS 0x000000070d200000| PB 0x000000070d200000| Untracked |  0
|  68|0x000000070d400000, 0x000000070d400000, 0x000000070d600000|  0%| F|  |TAMS 0x000000070d400000| PB 0x000000070d400000| Untracked |  0
|  69|0x000000070d600000, 0x000000070d600000, 0x000000070d800000|  0%| F|  |TAMS 0x000000070d600000| PB 0x000000070d600000| Untracked |  0
|  70|0x000000070d800000, 0x000000070d800000, 0x000000070da00000|  0%| F|  |TAMS 0x000000070d800000| PB 0x000000070d800000| Untracked |  0
|  71|0x000000070da00000, 0x000000070da00000, 0x000000070dc00000|  0%| F|  |TAMS 0x000000070da00000| PB 0x000000070da00000| Untracked |  0
|  72|0x000000070dc00000, 0x000000070dc00000, 0x000000070de00000|  0%| F|  |TAMS 0x000000070dc00000| PB 0x000000070dc00000| Untracked |  0
|  73|0x000000070de00000, 0x000000070de00000, 0x000000070e000000|  0%| F|  |TAMS 0x000000070de00000| PB 0x000000070de00000| Untracked |  0
|  74|0x000000070e000000, 0x000000070e000000, 0x000000070e200000|  0%| F|  |TAMS 0x000000070e000000| PB 0x000000070e000000| Untracked |  0
|  75|0x000000070e200000, 0x000000070e200000, 0x000000070e400000|  0%| F|  |TAMS 0x000000070e200000| PB 0x000000070e200000| Untracked |  0
|  76|0x000000070e400000, 0x000000070e400000, 0x000000070e600000|  0%| F|  |TAMS 0x000000070e400000| PB 0x000000070e400000| Untracked |  0
|  77|0x000000070e600000, 0x000000070e600000, 0x000000070e800000|  0%| F|  |TAMS 0x000000070e600000| PB 0x000000070e600000| Untracked |  0
|  78|0x000000070e800000, 0x000000070e800000, 0x000000070ea00000|  0%| F|  |TAMS 0x000000070e800000| PB 0x000000070e800000| Untracked |  0
|  79|0x000000070ea00000, 0x000000070ea00000, 0x000000070ec00000|  0%| F|  |TAMS 0x000000070ea00000| PB 0x000000070ea00000| Untracked |  0
|  80|0x000000070ec00000, 0x000000070ec00000, 0x000000070ee00000|  0%| F|  |TAMS 0x000000070ec00000| PB 0x000000070ec00000| Untracked |  0
|  81|0x000000070ee00000, 0x000000070ee00000, 0x000000070f000000|  0%| F|  |TAMS 0x000000070ee00000| PB 0x000000070ee00000| Untracked |  0
|  82|0x000000070f000000, 0x000000070f000000, 0x000000070f200000|  0%| F|  |TAMS 0x000000070f000000| PB 0x000000070f000000| Untracked |  0
|  83|0x000000070f200000, 0x000000070f200000, 0x000000070f400000|  0%| F|  |TAMS 0x000000070f200000| PB 0x000000070f200000| Untracked |  0
|  84|0x000000070f400000, 0x000000070f400000, 0x000000070f600000|  0%| F|  |TAMS 0x000000070f400000| PB 0x000000070f400000| Untracked |  0
|  85|0x000000070f600000, 0x000000070f600000, 0x000000070f800000|  0%| F|  |TAMS 0x000000070f600000| PB 0x000000070f600000| Untracked |  0
|  86|0x000000070f800000, 0x000000070f800000, 0x000000070fa00000|  0%| F|  |TAMS 0x000000070f800000| PB 0x000000070f800000| Untracked |  0
|  87|0x000000070fa00000, 0x000000070fa00000, 0x000000070fc00000|  0%| F|  |TAMS 0x000000070fa00000| PB 0x000000070fa00000| Untracked |  0
|  88|0x000000070fc00000, 0x000000070fc00000, 0x000000070fe00000|  0%| F|  |TAMS 0x000000070fc00000| PB 0x000000070fc00000| Untracked |  0
|  89|0x000000070fe00000, 0x000000070fe00000, 0x0000000710000000|  0%| F|  |TAMS 0x000000070fe00000| PB 0x000000070fe00000| Untracked |  0
|  90|0x0000000710000000, 0x0000000710000000, 0x0000000710200000|  0%| F|  |TAMS 0x0000000710000000| PB 0x0000000710000000| Untracked |  0
|  91|0x0000000710200000, 0x0000000710200000, 0x0000000710400000|  0%| F|  |TAMS 0x0000000710200000| PB 0x0000000710200000| Untracked |  0
|  92|0x0000000710400000, 0x0000000710400000, 0x0000000710600000|  0%| F|  |TAMS 0x0000000710400000| PB 0x0000000710400000| Untracked |  0
|  93|0x0000000710600000, 0x0000000710600000, 0x0000000710800000|  0%| F|  |TAMS 0x0000000710600000| PB 0x0000000710600000| Untracked |  0
|  94|0x0000000710800000, 0x0000000710800000, 0x0000000710a00000|  0%| F|  |TAMS 0x0000000710800000| PB 0x0000000710800000| Untracked |  0
|  95|0x0000000710a00000, 0x0000000710a00000, 0x0000000710c00000|  0%| F|  |TAMS 0x0000000710a00000| PB 0x0000000710a00000| Untracked |  0
|  96|0x0000000710c00000, 0x0000000710c00000, 0x0000000710e00000|  0%| F|  |TAMS 0x0000000710c00000| PB 0x0000000710c00000| Untracked |  0
|  97|0x0000000710e00000, 0x0000000710e00000, 0x0000000711000000|  0%| F|  |TAMS 0x0000000710e00000| PB 0x0000000710e00000| Untracked |  0
|  98|0x0000000711000000, 0x0000000711000000, 0x0000000711200000|  0%| F|  |TAMS 0x0000000711000000| PB 0x0000000711000000| Untracked |  0
|  99|0x0000000711200000, 0x0000000711200000, 0x0000000711400000|  0%| F|  |TAMS 0x0000000711200000| PB 0x0000000711200000| Untracked |  0
| 100|0x0000000711400000, 0x0000000711400000, 0x0000000711600000|  0%| F|  |TAMS 0x0000000711400000| PB 0x0000000711400000| Untracked |  0
| 101|0x0000000711600000, 0x0000000711600000, 0x0000000711800000|  0%| F|  |TAMS 0x0000000711600000| PB 0x0000000711600000| Untracked |  0
| 102|0x0000000711800000, 0x0000000711800000, 0x0000000711a00000|  0%| F|  |TAMS 0x0000000711800000| PB 0x0000000711800000| Untracked |  0
| 103|0x0000000711a00000, 0x0000000711a00000, 0x0000000711c00000|  0%| F|  |TAMS 0x0000000711a00000| PB 0x0000000711a00000| Untracked |  0
| 104|0x0000000711c00000, 0x0000000711c00000, 0x0000000711e00000|  0%| F|  |TAMS 0x0000000711c00000| PB 0x0000000711c00000| Untracked |  0
| 105|0x0000000711e00000, 0x0000000711e00000, 0x0000000712000000|  0%| F|  |TAMS 0x0000000711e00000| PB 0x0000000711e00000| Untracked |  0
| 106|0x0000000712000000, 0x0000000712000000, 0x0000000712200000|  0%| F|  |TAMS 0x0000000712000000| PB 0x0000000712000000| Untracked |  0
| 107|0x0000000712200000, 0x0000000712200000, 0x0000000712400000|  0%| F|  |TAMS 0x0000000712200000| PB 0x0000000712200000| Untracked |  0
| 108|0x0000000712400000, 0x0000000712400000, 0x0000000712600000|  0%| F|  |TAMS 0x0000000712400000| PB 0x0000000712400000| Untracked |  0
| 109|0x0000000712600000, 0x0000000712600000, 0x0000000712800000|  0%| F|  |TAMS 0x0000000712600000| PB 0x0000000712600000| Untracked |  0
| 110|0x0000000712800000, 0x0000000712800000, 0x0000000712a00000|  0%| F|  |TAMS 0x0000000712800000| PB 0x0000000712800000| Untracked |  0
| 111|0x0000000712a00000, 0x0000000712a00000, 0x0000000712c00000|  0%| F|  |TAMS 0x0000000712a00000| PB 0x0000000712a00000| Untracked |  0
| 112|0x0000000712c00000, 0x0000000712e00000, 0x0000000712e00000|100%| S|CS|TAMS 0x0000000712c00000| PB 0x0000000712c00000| Complete |  0
| 113|0x0000000712e00000, 0x0000000713000000, 0x0000000713000000|100%| S|CS|TAMS 0x0000000712e00000| PB 0x0000000712e00000| Complete |  0
| 114|0x0000000713000000, 0x0000000713000000, 0x0000000713200000|  0%| F|  |TAMS 0x0000000713000000| PB 0x0000000713000000| Untracked |  0
| 115|0x0000000713200000, 0x0000000713200000, 0x0000000713400000|  0%| F|  |TAMS 0x0000000713200000| PB 0x0000000713200000| Untracked |  0
| 116|0x0000000713400000, 0x0000000713400000, 0x0000000713600000|  0%| F|  |TAMS 0x0000000713400000| PB 0x0000000713400000| Untracked |  0
| 117|0x0000000713600000, 0x0000000713600000, 0x0000000713800000|  0%| F|  |TAMS 0x0000000713600000| PB 0x0000000713600000| Untracked |  0
| 118|0x0000000713800000, 0x0000000713800000, 0x0000000713a00000|  0%| F|  |TAMS 0x0000000713800000| PB 0x0000000713800000| Untracked |  0
| 119|0x0000000713a00000, 0x0000000713a00000, 0x0000000713c00000|  0%| F|  |TAMS 0x0000000713a00000| PB 0x0000000713a00000| Untracked |  0
| 120|0x0000000713c00000, 0x0000000713c00000, 0x0000000713e00000|  0%| F|  |TAMS 0x0000000713c00000| PB 0x0000000713c00000| Untracked |  0
| 121|0x0000000713e00000, 0x0000000713e00000, 0x0000000714000000|  0%| F|  |TAMS 0x0000000713e00000| PB 0x0000000713e00000| Untracked |  0
| 122|0x0000000714000000, 0x0000000714000000, 0x0000000714200000|  0%| F|  |TAMS 0x0000000714000000| PB 0x0000000714000000| Untracked |  0
| 123|0x0000000714200000, 0x0000000714200000, 0x0000000714400000|  0%| F|  |TAMS 0x0000000714200000| PB 0x0000000714200000| Untracked |  0
| 124|0x0000000714400000, 0x0000000714463a88, 0x0000000714600000| 19%| E|  |TAMS 0x0000000714400000| PB 0x0000000714400000| Complete |  0
| 125|0x0000000714600000, 0x0000000714800000, 0x0000000714800000|100%| E|CS|TAMS 0x0000000714600000| PB 0x0000000714600000| Complete |  0

Card table byte_map: [0x000002325e6e0000,0x000002325eec0000] _byte_map_base: 0x000002325aeba000

Marking Bits: (CMBitMap*) 0x00000232462ce3a0
 Bits: [0x000002325eec0000, 0x0000023262d90000)

Polling page: 0x0000023245900000

Metaspace:

Usage:
  Non-class:      9.35 MB used.
      Class:      1.28 MB used.
       Both:     10.62 MB used.

Virtual space:
  Non-class space:       64.00 MB reserved,       9.62 MB ( 15%) committed,  1 nodes.
      Class space:        1.00 GB reserved,       1.50 MB ( <1%) committed,  1 nodes.
             Both:        1.06 GB reserved,      11.12 MB (  1%) committed. 

Chunk freelists:
   Non-Class:  6.06 MB
       Class:  14.50 MB
        Both:  20.57 MB

MaxMetaspaceSize: unlimited
CompressedClassSpaceSize: 1.00 GB
Initial GC threshold: 21.00 MB
Current GC threshold: 21.00 MB
CDS: on
 - commit_granule_bytes: 65536.
 - commit_granule_words: 8192.
 - virtual_space_node_default_size: 8388608.
 - enlarge_chunks_in_place: 1.
 - use_allocation_guard: 0.


Internal statistics:

num_allocs_failed_limit: 0.
num_arena_births: 688.
num_arena_deaths: 0.
num_vsnodes_births: 2.
num_vsnodes_deaths: 0.
num_space_committed: 178.
num_space_uncommitted: 0.
num_chunks_returned_to_freelist: 0.
num_chunks_taken_from_freelist: 818.
num_chunk_merges: 0.
num_chunk_splits: 519.
num_chunks_enlarged: 237.
num_inconsistent_stats: 0.

CodeHeap 'non-profiled nmethods': size=120064Kb used=634Kb max_used=634Kb free=119429Kb
 bounds [0x0000023256470000, 0x00000232566e0000, 0x000002325d9b0000]
CodeHeap 'profiled nmethods': size=120000Kb used=2558Kb max_used=2558Kb free=117441Kb
 bounds [0x000002324e9b0000, 0x000002324ec30000, 0x0000023255ee0000]
CodeHeap 'non-nmethods': size=5696Kb used=1693Kb max_used=1705Kb free=4003Kb
 bounds [0x0000023255ee0000, 0x0000023256150000, 0x0000023256470000]
CodeCache: size=245760Kb, used=4885Kb, max_used=4897Kb, free=240873Kb
 total_blobs=2794, nmethods=2045, adapters=642, full_count=0
Compilation: enabled, stopped_count=0, restarted_count=0

Compilation events (20 events):
Event: 18.916 Thread 0x0000023265a16970 2039       3       sun.font.FileFontStrike::getGlyphAdvance (7 bytes)
Event: 18.916 Thread 0x0000023265a16970 nmethod 2039 0x000002324ec2c908 code [0x000002324ec2ca20, 0x000002324ec2cb60]
Event: 18.916 Thread 0x0000023265a16970 2046       1       java.awt.geom.AffineTransform::getTranslateX (5 bytes)
Event: 18.916 Thread 0x0000023265a16970 nmethod 2046 0x000002325650dd88 code [0x000002325650dea0, 0x000002325650df68]
Event: 18.916 Thread 0x0000023265a16970 2047       1       java.awt.geom.AffineTransform::getTranslateY (5 bytes)
Event: 18.916 Thread 0x0000023265a16970 nmethod 2047 0x000002325650e088 code [0x000002325650e1a0, 0x000002325650e268]
Event: 18.916 Thread 0x0000023265a16970 2049       1       sun.awt.SunHints$Value::getIndex (5 bytes)
Event: 18.916 Thread 0x0000023265a16970 nmethod 2049 0x000002325650e388 code [0x000002325650e4a0, 0x000002325650e568]
Event: 18.916 Thread 0x0000023265a16970 2048       1       javax.swing.JComponent::getBorder (5 bytes)
Event: 18.916 Thread 0x0000023265a16970 nmethod 2048 0x000002325650e688 code [0x000002325650e7a0, 0x000002325650e870]
Event: 18.921 Thread 0x0000023265a16970 2050       3       javax.swing.JComponent::getInputMap (143 bytes)
Event: 18.922 Thread 0x0000023265a16970 nmethod 2050 0x000002324ec2cc08 code [0x000002324ec2ce00, 0x000002324ec2d970]
Event: 18.923 Thread 0x0000023265a16970 2051       3       java.security.AccessController::executePrivileged (69 bytes)
Event: 18.924 Thread 0x0000023265a16970 nmethod 2051 0x000002324ec2da08 code [0x000002324ec2db60, 0x000002324ec2de88]
Event: 18.924 Thread 0x0000023265a16970 2052       3       java.security.AccessControlContext::optimize (319 bytes)
Event: 18.926 Thread 0x0000023265a16970 nmethod 2052 0x000002324ec2df08 code [0x000002324ec2e160, 0x000002324ec2ef60]
Event: 18.926 Thread 0x0000023265a16970 2054       3       sun.font.CMap::getControlCodeGlyph (60 bytes)
Event: 18.926 Thread 0x0000023265a16970 nmethod 2054 0x000002324ec2f008 code [0x000002324ec2f140, 0x000002324ec2f3d8]
Event: 18.926 Thread 0x0000023265a16970 2053       3       java.awt.Rectangle::clip (39 bytes)
Event: 18.926 Thread 0x0000023265a16970 nmethod 2053 0x000002324ec2f408 code [0x000002324ec2f580, 0x000002324ec2f8e0]

GC Heap History (2 events):
Event: 16.814 GC heap before
{Heap before GC invocations=0 (full 0):
 garbage-first heap   total reserved 4116480K, committed 258048K, used 32768K [0x0000000704c00000, 0x0000000800000000)
  region size 2048K, 12 young (24576K), 0 survivors (0K)
 Metaspace       used 10357K, committed 10880K, reserved 1114112K
  class space    used 1249K, committed 1472K, reserved 1048576K
}
Event: 16.826 GC heap after
{Heap after GC invocations=1 (full 0):
 garbage-first heap   total reserved 4116480K, committed 258048K, used 13121K [0x0000000704c00000, 0x0000000800000000)
  region size 2048K, 2 young (4096K), 2 survivors (4096K)
 Metaspace       used 10357K, committed 10880K, reserved 1114112K
  class space    used 1249K, committed 1472K, reserved 1048576K
}

Dll operation events (12 events):
Event: 0.013 Loaded shared library C:\Program Files\Java\jdk-23\bin\java.dll
Event: 1.241 Loaded shared library C:\Program Files\Java\jdk-23\bin\jsvml.dll
Event: 1.276 Loaded shared library C:\Program Files\Java\jdk-23\bin\net.dll
Event: 1.278 Loaded shared library C:\Program Files\Java\jdk-23\bin\nio.dll
Event: 2.307 Loaded shared library C:\Program Files\Java\jdk-23\bin\zip.dll
Event: 3.342 Loaded shared library C:\Program Files\Java\jdk-23\bin\jimage.dll
Event: 3.359 Loaded shared library C:\Program Files\Java\jdk-23\bin\awt.dll
Event: 4.567 Loaded shared library C:\Program Files\Java\jdk-23\bin\javajpeg.dll
Event: 7.674 Loaded shared library C:\Program Files\Java\jdk-23\bin\freetype.dll
Event: 7.674 Loaded shared library C:\Program Files\Java\jdk-23\bin\fontmanager.dll
Event: 14.609 Loaded shared library C:\Windows\System32\ucrtbase.dll
Event: 14.610 Loaded shared library C:\Program Files\Java\jdk-23\bin\syslookup.dll

Deoptimization events (20 events):
Event: 16.827 Thread 0x0000023241052360 Uncommon trap: trap_request=0xffffff45 fr.pc=0x00000232564e625c relative=0x000000000000005c
Event: 16.827 Thread 0x0000023241052360 Uncommon trap: reason=unstable_if action=reinterpret pc=0x00000232564e625c method=java.lang.ref.ReferenceQueue.headIsNull()Z @ 4 c2
Event: 16.827 Thread 0x0000023241052360 DEOPT PACKING pc=0x00000232564e625c sp=0x0000004febdfa000
Event: 16.827 Thread 0x0000023241052360 DEOPT UNPACKING pc=0x0000023255f34402 sp=0x0000004febdf9f30 mode 2
Event: 16.834 Thread 0x0000023241052360 Uncommon trap: trap_request=0xffffff45 fr.pc=0x00000232564fe440 relative=0x0000000000000120
Event: 16.834 Thread 0x0000023241052360 Uncommon trap: reason=unstable_if action=reinterpret pc=0x00000232564fe440 method=jdk.internal.org.objectweb.asm.Frame.execute(IILjdk/internal/org/objectweb/asm/Symbol;Ljdk/internal/org/objectweb/asm/SymbolTable;)V @ 1952 c2
Event: 16.835 Thread 0x0000023241052360 DEOPT PACKING pc=0x00000232564fe440 sp=0x0000004febdfa3a0
Event: 16.835 Thread 0x0000023241052360 DEOPT UNPACKING pc=0x0000023255f34402 sp=0x0000004febdfa2f0 mode 2
Event: 17.868 Thread 0x0000023241052360 Uncommon trap: trap_request=0xffffff45 fr.pc=0x00000232564d5894 relative=0x0000000000002a54
Event: 17.868 Thread 0x0000023241052360 Uncommon trap: reason=unstable_if action=reinterpret pc=0x00000232564d5894 method=sun.font.TrueTypeFont.getTableBuffer(I)Ljava/nio/ByteBuffer; @ 9 c2
Event: 17.868 Thread 0x0000023241052360 DEOPT PACKING pc=0x00000232564d5894 sp=0x0000004febdfae90
Event: 17.868 Thread 0x0000023241052360 DEOPT UNPACKING pc=0x0000023255f34402 sp=0x0000004febdfaeb8 mode 2
Event: 17.881 Thread 0x0000023241052360 Uncommon trap: trap_request=0xffffff54 fr.pc=0x00000232564c8508 relative=0x0000000000000088
Event: 17.881 Thread 0x0000023241052360 Uncommon trap: reason=speculate_null_assert action=make_not_entrant pc=0x00000232564c8508 method=jdk.internal.misc.ScopedMemoryAccess.getIntUnalignedInternal(Ljdk/internal/foreign/MemorySessionImpl;Ljava/lang/Object;JZ)I @ 1 c2
Event: 17.881 Thread 0x0000023241052360 DEOPT PACKING pc=0x00000232564c8508 sp=0x0000004febdfaf60
Event: 17.881 Thread 0x0000023241052360 DEOPT UNPACKING pc=0x0000023255f34402 sp=0x0000004febdfae70 mode 2
Event: 17.881 Thread 0x0000023241052360 Uncommon trap: trap_request=0xffffff5c fr.pc=0x00000232564c28e4 relative=0x0000000000000064
Event: 17.881 Thread 0x0000023241052360 Uncommon trap: reason=speculate_null_check action=make_not_entrant pc=0x00000232564c28e4 method=jdk.internal.misc.Unsafe.getIntUnaligned(Ljava/lang/Object;JZ)I @ 5 c2
Event: 17.881 Thread 0x0000023241052360 DEOPT PACKING pc=0x00000232564c28e4 sp=0x0000004febdfae50
Event: 17.881 Thread 0x0000023241052360 DEOPT UNPACKING pc=0x0000023255f34402 sp=0x0000004febdfadd0 mode 2

Classes loaded (20 events):
Event: 17.899 Loading class java/awt/TextComponent
Event: 17.900 Loading class java/awt/TextComponent done
Event: 17.900 Loading class javax/swing/text/JTextComponent
Event: 17.900 Loading class javax/swing/text/JTextComponent done
Event: 18.917 Loading class sun/awt/DebugSettings
Event: 18.917 Loading class sun/awt/DebugSettings done
Event: 18.918 Loading class javax/swing/JComponent$KeyboardState
Event: 18.918 Loading class javax/swing/JComponent$KeyboardState done
Event: 18.918 Loading class javax/swing/JComponent$IntVector
Event: 18.918 Loading class javax/swing/JComponent$IntVector done
Event: 18.918 Loading class javax/swing/JInternalFrame
Event: 18.919 Loading class javax/swing/JInternalFrame done
Event: 18.919 Loading class javax/swing/KeyboardManager
Event: 18.919 Loading class javax/swing/KeyboardManager done
Event: 18.919 Loading class javax/swing/Popup$HeavyWeightWindow
Event: 18.919 Loading class sun/awt/ModalExclude
Event: 18.919 Loading class sun/awt/ModalExclude done
Event: 18.919 Loading class javax/swing/JWindow
Event: 18.920 Loading class javax/swing/JWindow done
Event: 18.920 Loading class javax/swing/Popup$HeavyWeightWindow done

Classes unloaded (0 events):
No events

Classes redefined (0 events):
No events

Internal exceptions (20 events):
Event: 15.751 Thread 0x0000023241052360 Exception <a 'java/lang/NoSuchMethodError'{0x000000071316e938}: 'java.lang.Object java.lang.invoke.DirectMethodHandle$Holder.invokeSpecial(java.lang.Object, java.lang.Object, java.lang.Object, long, long)'> (0x000000071316e938) 
thrown [s\open\src\hotspot\share\interpreter\linkResolver.cpp, line 796]
Event: 15.761 Thread 0x0000023241052360 Exception <a 'java/lang/NoSuchMethodError'{0x000000071318d0c0}: 'int java.lang.invoke.DirectMethodHandle$Holder.invokeStatic(java.lang.Object, java.lang.Object, int, java.lang.Object)'> (0x000000071318d0c0) 
thrown [s\open\src\hotspot\share\interpreter\linkResolver.cpp, line 796]
Event: 15.761 Thread 0x0000023241052360 Exception <a 'java/lang/NoSuchMethodError'{0x0000000713190ed8}: 'int java.lang.invoke.DirectMethodHandle$Holder.invokeSpecial(java.lang.Object, java.lang.Object, java.lang.Object, int, java.lang.Object)'> (0x0000000713190ed8) 
thrown [s\open\src\hotspot\share\interpreter\linkResolver.cpp, line 796]
Event: 15.762 Thread 0x0000023241052360 Exception <a 'java/lang/NoSuchMethodError'{0x0000000713194698}: 'int java.lang.invoke.DelegatingMethodHandle$Holder.reinvoke_L(java.lang.Object, java.lang.Object, int, java.lang.Object)'> (0x0000000713194698) 
thrown [s\open\src\hotspot\share\interpreter\linkResolver.cpp, line 796]
Event: 15.768 Thread 0x0000023241052360 Exception <a 'java/lang/NoSuchMethodError'{0x00000007131acfb0}: 'int java.lang.invoke.DelegatingMethodHandle$Holder.reinvoke_L(java.lang.Object, java.lang.Object, int, long)'> (0x00000007131acfb0) 
thrown [s\open\src\hotspot\share\interpreter\linkResolver.cpp, line 796]
Event: 15.770 Thread 0x0000023241052360 Exception <a 'java/lang/NoSuchMethodError'{0x00000007131b3c80}: 'int java.lang.invoke.DirectMethodHandle$Holder.invokeSpecial(java.lang.Object, java.lang.Object, int, long)'> (0x00000007131b3c80) 
thrown [s\open\src\hotspot\share\interpreter\linkResolver.cpp, line 796]
Event: 15.772 Thread 0x0000023241052360 Exception <a 'java/lang/NoSuchMethodError'{0x00000007131b7270}: 'int java.lang.invoke.Invokers$Holder.exactInvoker(java.lang.Object, java.lang.Object, int, long)'> (0x00000007131b7270) 
thrown [s\open\src\hotspot\share\interpreter\linkResolver.cpp, line 796]
Event: 15.772 Thread 0x0000023241052360 Exception <a 'java/lang/NoSuchMethodError'{0x00000007131badf8}: 'int java.lang.invoke.DelegatingMethodHandle$Holder.delegate(java.lang.Object, java.lang.Object, int, long)'> (0x00000007131badf8) 
thrown [s\open\src\hotspot\share\interpreter\linkResolver.cpp, line 796]
Event: 15.794 Thread 0x0000023241052360 Exception <a 'java/lang/NoSuchMethodError'{0x00000007131daaa0}: 'void java.lang.invoke.DirectMethodHandle$Holder.invokeSpecial(java.lang.Object, java.lang.Object, float, java.lang.Object, java.lang.Object, java.lang.Object, int, int, int, int, int, float, float, int, int, java.lang.Object, java.lang.Object)'> (0x00000007131daaa0) 
thrown [s\open\src\hotspot\share\interpreter\linkResolver.cpp, line 796]
Event: 16.811 Thread 0x0000023241052360 Exception <a 'java/lang/NoSuchMethodError'{0x00000007131eaaa0}: 'int java.lang.invoke.DirectMethodHandle$Holder.invokeSpecial(java.lang.Object, java.lang.Object, int, java.lang.Object)'> (0x00000007131eaaa0) 
thrown [s\open\src\hotspot\share\interpreter\linkResolver.cpp, line 796]
Event: 16.811 Thread 0x0000023241052360 Exception <a 'java/lang/NoSuchMethodError'{0x00000007131ee0d0}: 'int java.lang.invoke.Invokers$Holder.invokeExact_MT(java.lang.Object, int, java.lang.Object, java.lang.Object)'> (0x00000007131ee0d0) 
thrown [s\open\src\hotspot\share\interpreter\linkResolver.cpp, line 796]
Event: 16.812 Thread 0x0000023241052360 Exception <a 'java/lang/NoSuchMethodError'{0x00000007131f1e78}: 'java.lang.Object java.lang.invoke.Invokers$Holder.invokeExact_MT(java.lang.Object, long, java.lang.Object)'> (0x00000007131f1e78) 
thrown [s\open\src\hotspot\share\interpreter\linkResolver.cpp, line 796]
Event: 16.830 Thread 0x0000023241052360 Exception <a 'java/lang/NoSuchMethodError'{0x00000007146061b0}: 'java.lang.Object java.lang.invoke.DelegatingMethodHandle$Holder.reinvoke_L(java.lang.Object, long, long, long)'> (0x00000007146061b0) 
thrown [s\open\src\hotspot\share\interpreter\linkResolver.cpp, line 796]
Event: 17.850 Thread 0x0000023241052360 Exception <a 'java/lang/NoSuchMethodError'{0x000000071461b9e0}: 'java.lang.Object java.lang.invoke.DirectMethodHandle$Holder.invokeStatic(java.lang.Object, java.lang.Object, java.lang.Object, java.lang.Object, long, long)'> (0x000000071461b9e0) 
thrown [s\open\src\hotspot\share\interpreter\linkResolver.cpp, line 796]
Event: 17.863 Thread 0x0000023241052360 Exception <a 'java/lang/NoSuchMethodError'{0x00000007146474f0}: 'void java.lang.invoke.DelegatingMethodHandle$Holder.reinvoke_L(java.lang.Object, java.lang.Object, java.lang.Object, long, long)'> (0x00000007146474f0) 
thrown [s\open\src\hotspot\share\interpreter\linkResolver.cpp, line 796]
Event: 17.866 Thread 0x0000023241052360 Exception <a 'java/lang/NoSuchMethodError'{0x0000000714652cf8}: 'void java.lang.invoke.DirectMethodHandle$Holder.invokeSpecial(java.lang.Object, java.lang.Object, java.lang.Object, long)'> (0x0000000714652cf8) 
thrown [s\open\src\hotspot\share\interpreter\linkResolver.cpp, line 796]
Event: 17.871 Thread 0x0000023241052360 Exception <a 'java/lang/NoSuchMethodError'{0x0000000714675770}: 'void java.lang.invoke.DelegatingMethodHandle$Holder.reinvoke_L(java.lang.Object, java.lang.Object, java.lang.Object, long, int)'> (0x0000000714675770) 
thrown [s\open\src\hotspot\share\interpreter\linkResolver.cpp, line 796]
Event: 17.874 Thread 0x0000023241052360 Exception <a 'java/lang/NoSuchMethodError'{0x0000000714788170}: 'int java.lang.invoke.Invokers$Holder.invokeExact_MT(java.lang.Object, java.lang.Object, java.lang.Object, int, java.lang.Object, java.lang.Object)'> (0x0000000714788170) 
thrown [s\open\src\hotspot\share\interpreter\linkResolver.cpp, line 796]
Event: 17.877 Thread 0x0000023241052360 Exception <a 'java/lang/NoSuchMethodError'{0x000000071479b468}: 'int java.lang.invoke.DelegatingMethodHandle$Holder.reinvoke_L(java.lang.Object, java.lang.Object, java.lang.Object, long)'> (0x000000071479b468) 
thrown [s\open\src\hotspot\share\interpreter\linkResolver.cpp, line 796]
Event: 17.880 Thread 0x0000023241052360 Exception <a 'java/lang/NoSuchMethodError'{0x00000007147bc430}: 'java.lang.Object java.lang.invoke.DirectMethodHandle$Holder.invokeStatic(java.lang.Object, java.lang.Object, java.lang.Object, java.lang.Object, java.lang.Object, java.lang.Object, java.lang.Object, long)'> (0x00000007147bc430) 
thrown [s\open\src\hotspot\share\interpreter\linkResolver.cpp, line 796]

VM Operations (20 events):
Event: 1.284 Executing VM operation: HandshakeAllThreads (Deoptimize)
Event: 1.284 Executing VM operation: HandshakeAllThreads (Deoptimize) done
Event: 3.386 Executing VM operation: HandshakeAllThreads (Deoptimize)
Event: 3.386 Executing VM operation: HandshakeAllThreads (Deoptimize) done
Event: 4.557 Executing VM operation: HandshakeAllThreads (Deoptimize)
Event: 4.557 Executing VM operation: HandshakeAllThreads (Deoptimize) done
Event: 6.593 Executing VM operation: HandshakeAllThreads (Deoptimize)
Event: 6.593 Executing VM operation: HandshakeAllThreads (Deoptimize) done
Event: 7.646 Executing VM operation: HandshakeAllThreads (Deoptimize)
Event: 7.646 Executing VM operation: HandshakeAllThreads (Deoptimize) done
Event: 11.854 Executing VM operation: HandshakeAllThreads (Deoptimize)
Event: 11.854 Executing VM operation: HandshakeAllThreads (Deoptimize) done
Event: 14.602 Executing VM operation: HandshakeAllThreads (Deoptimize)
Event: 14.602 Executing VM operation: HandshakeAllThreads (Deoptimize) done
Event: 14.604 Executing VM operation: HandshakeAllThreads (Deoptimize)
Event: 14.604 Executing VM operation: HandshakeAllThreads (Deoptimize) done
Event: 14.733 Executing VM operation: HandshakeAllThreads (Deoptimize)
Event: 14.733 Executing VM operation: HandshakeAllThreads (Deoptimize) done
Event: 16.814 Executing VM operation: G1CollectForAllocation (G1 Evacuation Pause)
Event: 16.826 Executing VM operation: G1CollectForAllocation (G1 Evacuation Pause) done

Memory protections (0 events):
No events

Nmethod flushes (0 events):
No events

Events (20 events):
Event: 1.239 Thread 0x0000023243eeed30 Thread added: 0x0000023265a0dfe0
Event: 1.239 Thread 0x0000023243eeed30 Thread added: 0x0000023265a16970
Event: 1.267 Thread 0x0000023243eeed30 Thread added: 0x0000023241103640
Event: 1.291 Thread 0x0000023265a16970 Thread added: 0x0000023265a139c0
Event: 1.294 Thread 0x0000023243eeed30 Thread added: 0x00000232411fe910
Event: 3.340 Thread 0x0000023265a139c0 Thread exited: 0x0000023265a139c0
Event: 4.445 Thread 0x0000023243eeed30 Thread added: 0x0000023241406e60
Event: 4.446 Thread 0x0000023243eeed30 Thread added: 0x000002324140d3c0
Event: 4.447 Thread 0x0000023243eeed30 Thread added: 0x00000232415d2b40
Event: 4.522 Thread 0x0000023243eeed30 Thread added: 0x000002324163c100
Event: 4.551 Thread 0x0000023265a16970 Thread added: 0x0000023265a14760
Event: 5.573 Thread 0x000002324140d3c0 Thread exited: 0x000002324140d3c0
Event: 6.590 Thread 0x0000023265a14760 Thread exited: 0x0000023265a14760
Event: 7.640 Thread 0x0000023243eeed30 Thread added: 0x00000232413c3ee0
Event: 7.640 Thread 0x0000023243eeed30 Thread added: 0x0000023241052360
Event: 11.853 Thread 0x0000023243eeed30 Thread exited: 0x0000023243eeed30
Event: 11.853 Thread 0x0000023243eeed30 Thread added: 0x0000023243eeed30
Event: 12.866 Thread 0x000002324163c100 Thread exited: 0x000002324163c100
Event: 14.556 Thread 0x0000023265a16970 Thread added: 0x0000023265a14e30
Event: 18.921 Thread 0x0000023265a14e30 Thread exited: 0x0000023265a14e30


Dynamic libraries:
0x00007ff771de0000 - 0x00007ff771df0000 	C:\Program Files\Java\jdk-23\bin\java.exe
0x00007ff948a00000 - 0x00007ff948c60000 	C:\WINDOWS\SYSTEM32\ntdll.dll
0x00007ff947190000 - 0x00007ff947257000 	C:\WINDOWS\System32\KERNEL32.DLL
0x00007ff946230000 - 0x00007ff9465fa000 	C:\WINDOWS\System32\KERNELBASE.dll
0x00007ff945ca0000 - 0x00007ff945deb000 	C:\WINDOWS\System32\ucrtbase.dll
0x00007ff9392e0000 - 0x00007ff9392f7000 	C:\Program Files\Java\jdk-23\bin\jli.dll
0x00007ff9301f0000 - 0x00007ff93020b000 	C:\Program Files\Java\jdk-23\bin\VCRUNTIME140.dll
0x00007ff9481c0000 - 0x00007ff94838c000 	C:\WINDOWS\System32\USER32.dll
0x00007ff945e90000 - 0x00007ff945eb7000 	C:\WINDOWS\System32\win32u.dll
0x00007ff92c750000 - 0x00007ff92c9e7000 	C:\WINDOWS\WinSxS\amd64_microsoft.windows.common-controls_6595b64144ccf1df_6.0.26100.3624_none_3e086962e3345f24\COMCTL32.dll
0x00007ff948110000 - 0x00007ff9481b9000 	C:\WINDOWS\System32\msvcrt.dll
0x00007ff948830000 - 0x00007ff94885a000 	C:\WINDOWS\System32\GDI32.dll
0x00007ff9460f0000 - 0x00007ff946221000 	C:\WINDOWS\System32\gdi32full.dll
0x00007ff946040000 - 0x00007ff9460e3000 	C:\WINDOWS\System32\msvcp_win.dll
0x00007ff946920000 - 0x00007ff94694f000 	C:\WINDOWS\System32\IMM32.DLL
0x00007ff93fb00000 - 0x00007ff93fb0c000 	C:\Program Files\Java\jdk-23\bin\vcruntime140_1.dll
0x00007ff913b30000 - 0x00007ff913bbe000 	C:\Program Files\Java\jdk-23\bin\msvcp140.dll
0x00007ff8c91e0000 - 0x00007ff8c9f30000 	C:\Program Files\Java\jdk-23\bin\server\jvm.dll
0x00007ff946d90000 - 0x00007ff946e42000 	C:\WINDOWS\System32\ADVAPI32.dll
0x00007ff946c50000 - 0x00007ff946cf6000 	C:\WINDOWS\System32\sechost.dll
0x00007ff946800000 - 0x00007ff946916000 	C:\WINDOWS\System32\RPCRT4.dll
0x00007ff947350000 - 0x00007ff9473c4000 	C:\WINDOWS\System32\WS2_32.dll
0x00007ff945a30000 - 0x00007ff945a8e000 	C:\WINDOWS\SYSTEM32\POWRPROF.dll
0x00007ff93a7b0000 - 0x00007ff93a7e6000 	C:\WINDOWS\SYSTEM32\WINMM.dll
0x00007ff93a750000 - 0x00007ff93a75b000 	C:\WINDOWS\SYSTEM32\VERSION.dll
0x00007ff945a10000 - 0x00007ff945a24000 	C:\WINDOWS\SYSTEM32\UMPDC.dll
0x00007ff9449f0000 - 0x00007ff944a0a000 	C:\WINDOWS\SYSTEM32\kernel.appcore.dll
0x00007ff939960000 - 0x00007ff93996a000 	C:\Program Files\Java\jdk-23\bin\jimage.dll
0x00007ff9430d0000 - 0x00007ff943311000 	C:\WINDOWS\SYSTEM32\DBGHELP.DLL
0x00007ff9483a0000 - 0x00007ff948722000 	C:\WINDOWS\System32\combase.dll
0x00007ff9473d0000 - 0x00007ff9474a6000 	C:\WINDOWS\System32\OLEAUT32.dll
0x00007ff9262a0000 - 0x00007ff9262d9000 	C:\WINDOWS\SYSTEM32\dbgcore.DLL
0x00007ff945df0000 - 0x00007ff945e89000 	C:\WINDOWS\System32\bcryptPrimitives.dll
0x00007ff9301a0000 - 0x00007ff9301be000 	C:\Program Files\Java\jdk-23\bin\java.dll
0x00007ff946e50000 - 0x00007ff946fe6000 	C:\WINDOWS\System32\ole32.dll
0x00007ff947550000 - 0x00007ff947c79000 	C:\WINDOWS\System32\SHELL32.dll
0x00007ff946600000 - 0x00007ff946768000 	C:\WINDOWS\System32\wintypes.dll
0x00007ff943850000 - 0x00007ff9440a2000 	C:\WINDOWS\SYSTEM32\windows.storage.dll
0x00007ff946960000 - 0x00007ff946a4d000 	C:\WINDOWS\System32\SHCORE.dll
0x00007ff947260000 - 0x00007ff9472c4000 	C:\WINDOWS\System32\shlwapi.dll
0x00007ff945af0000 - 0x00007ff945b1f000 	C:\WINDOWS\SYSTEM32\profapi.dll
0x00007ff913d90000 - 0x00007ff913e67000 	C:\Program Files\Java\jdk-23\bin\jsvml.dll
0x00007ff92fcc0000 - 0x00007ff92fcd0000 	C:\Program Files\Java\jdk-23\bin\net.dll
0x00007ff944f10000 - 0x00007ff944f7a000 	C:\WINDOWS\system32\mswsock.dll
0x00007ff913d70000 - 0x00007ff913d86000 	C:\Program Files\Java\jdk-23\bin\nio.dll
0x00007ff913d50000 - 0x00007ff913d67000 	C:\Program Files\Java\jdk-23\bin\zip.dll
0x00007ff913bc0000 - 0x00007ff913d4e000 	C:\Program Files\Java\jdk-23\bin\awt.dll
0x00007ff93ff80000 - 0x00007ff94001c000 	C:\WINDOWS\SYSTEM32\apphelp.dll
0x00007ff942d60000 - 0x00007ff942d96000 	C:\WINDOWS\system32\DWMAPI.DLL
0x00007ff9401c0000 - 0x00007ff94026e000 	C:\WINDOWS\system32\uxtheme.dll
0x00007ff8f84d0000 - 0x00007ff8f85dc000 	C:\WINDOWS\system32\opengl32.dll
0x00007ff909770000 - 0x00007ff90979d000 	C:\WINDOWS\SYSTEM32\GLU32.dll
0x00007ff942db0000 - 0x00007ff942df7000 	C:\WINDOWS\SYSTEM32\dxcore.dll
0x00007ff948860000 - 0x00007ff9489bd000 	C:\WINDOWS\System32\MSCTF.dll
0x00007ff8cf080000 - 0x00007ff8cf1ab000 	C:\Users\LENOVO\AppData\Local\ScreenPal-v3\SOMNative-x64-3.0.68.dll
0x00007ff90e2f0000 - 0x00007ff90e31e000 	C:\Program Files\Java\jdk-23\bin\javajpeg.dll
0x00007ff913aa0000 - 0x00007ff913b27000 	C:\Program Files\Java\jdk-23\bin\freetype.dll
0x00007ff9139c0000 - 0x00007ff913a97000 	C:\Program Files\Java\jdk-23\bin\fontmanager.dll
0x00007ff90df60000 - 0x00007ff90e0a9000 	C:\WINDOWS\SYSTEM32\textinputframework.dll
0x00007ff9259a0000 - 0x00007ff9259a9000 	C:\Program Files\Java\jdk-23\bin\syslookup.dll

dbghelp: loaded successfully - version: 4.0.5 - missing functions: none
symbol engine: initialized successfully - sym options: 0x614 - pdb path: .;C:\Program Files\Java\jdk-23\bin;C:\WINDOWS\SYSTEM32;C:\WINDOWS\WinSxS\amd64_microsoft.windows.common-controls_6595b64144ccf1df_6.0.26100.3624_none_3e086962e3345f24;C:\Program Files\Java\jdk-23\bin\server;C:\Users\LENOVO\AppData\Local\ScreenPal-v3

VM Arguments:
jvm_args: -Dfile.encoding=UTF-8 --module-path=C:\Users\LENOVO\OneDrive\Documents\NetBeansProjects\AirlineManagementSystem\build\classes 
java_command: airlinemanagementsystem.Home
java_class_path (initial): C:\Users\LENOVO\Downloads\mysql-connector-java-8.0.28.jar;C:\Users\LENOVO\Downloads\rs2xml.jar;C:\Users\LENOVO\Downloads\jcalendar-tz-1.3.3-4.jar;C:\Users\LENOVO\OneDrive\Documents\NetBeansProjects\AirlineManagementSystem\build\classes
Launcher Type: SUN_STANDARD

[Global flags]
     intx CICompilerCount                          = 4                                         {product} {ergonomic}
     uint ConcGCThreads                            = 3                                         {product} {ergonomic}
     uint G1ConcRefinementThreads                  = 10                                        {product} {ergonomic}
   size_t G1HeapRegionSize                         = 2097152                                   {product} {ergonomic}
   size_t InitialHeapSize                          = 264241152                                 {product} {ergonomic}
   size_t MarkStackSize                            = 4194304                                   {product} {ergonomic}
   size_t MarkStackSizeMax                         = 536870912                                 {product} {ergonomic}
   size_t MaxHeapSize                              = 4215275520                                {product} {ergonomic}
   size_t MaxNewSize                               = 2529165312                                {product} {ergonomic}
   size_t MinHeapDeltaBytes                        = 2097152                                   {product} {ergonomic}
   size_t MinHeapSize                              = 8388608                                   {product} {ergonomic}
    uintx NonNMethodCodeHeapSize                   = 5832704                                {pd product} {ergonomic}
    uintx NonProfiledCodeHeapSize                  = 122945536                              {pd product} {ergonomic}
    uintx ProfiledCodeHeapSize                     = 122880000                              {pd product} {ergonomic}
    uintx ReservedCodeCacheSize                    = 251658240                              {pd product} {ergonomic}
     bool SegmentedCodeCache                       = true                                      {product} {ergonomic}
   size_t SoftMaxHeapSize                          = 4215275520                             {manageable} {ergonomic}
     bool UseCompressedOops                        = true                           {product lp64_product} {ergonomic}
     bool UseG1GC                                  = true                                      {product} {ergonomic}
     bool UseLargePagesIndividualAllocation        = false                                  {pd product} {ergonomic}

Logging:
Log output configuration:
 #0: stdout all=warning uptime,level,tags foldmultilines=false
 #1: stderr all=off uptime,level,tags foldmultilines=false

Environment Variables:
PATH=C:\app\LENOVO\product\21c\dbhomeXE\bin;C:\app\LENOVO\product\23ai\dbhomeFree\bin;C:\Program Files\Common Files\Oracle\Java\javapath;C:\WINDOWS\system32;C:\WINDOWS;C:\WINDOWS\System32\Wbem;C:\WINDOWS\System32\WindowsPowerShell\v1.0\;C:\WINDOWS\System32\OpenSSH\;C:\Program Files\nodejs\;C:\Program Files\Git\cmd;C:\MinGW\bin;C:\Program Files\Apache\Maven\apache-maven-3.9.9\bin;C:\Users\LENOVO\AppData\Local\Microsoft\WindowsApps;C:\Users\LENOVO\AppData\Local\Programs\Microsoft VS Code\bin;C:\MinGW\bin;C:\Users\LENOVO\AppData\Roaming\npm;
USERNAME=LENOVO
OS=Windows_NT
PROCESSOR_IDENTIFIER=Intel64 Family 6 Model 186 Stepping 2, GenuineIntel
TMP=C:\Users\LENOVO\AppData\Local\Temp
TEMP=C:\Users\LENOVO\AppData\Local\Temp




Periodic native trim disabled

---------------  S Y S T E M  ---------------

OS:
 Windows 11 , 64 bit Build 26100 (10.0.26100.3775)
OS uptime: 6 days 6:32 hours
Hyper-V role detected

CPU: total 12 (initial active 12) (6 cores per cpu, 2 threads per core) family 6 model 186 stepping 2 microcode 0x4112, cx8, cmov, fxsr, ht, mmx, 3dnowpref, sse, sse2, sse3, ssse3, sse4.1, sse4.2, popcnt, lzcnt, tsc, tscinvbit, avx, avx2, aes, erms, clmul, bmi1, bmi2, adx, sha, fma, vzeroupper, clflush, clflushopt, clwb, hv, serialize, rdtscp, rdpid, fsrm, gfni, f16c, cet_ibt, cet_ss
Processor Information for processor 0
  Max Mhz: 2100, Current Mhz: 1453, Mhz Limit: 2100
Processor Information for processor 1
  Max Mhz: 2100, Current Mhz: 2100, Mhz Limit: 2100
Processor Information for processor 2
  Max Mhz: 2100, Current Mhz: 2100, Mhz Limit: 2100
Processor Information for processor 3
  Max Mhz: 2100, Current Mhz: 1453, Mhz Limit: 2100
Processor Information for processor 4
  Max Mhz: 2100, Current Mhz: 1453, Mhz Limit: 2100
Processor Information for processor 5
  Max Mhz: 2100, Current Mhz: 2100, Mhz Limit: 2100
Processor Information for processor 6
  Max Mhz: 2100, Current Mhz: 2100, Mhz Limit: 2100
Processor Information for processor 7
  Max Mhz: 2100, Current Mhz: 2100, Mhz Limit: 2100
Processor Information for processor 8
  Max Mhz: 2100, Current Mhz: 1500, Mhz Limit: 1491
Processor Information for processor 9
  Max Mhz: 2100, Current Mhz: 1500, Mhz Limit: 1491
Processor Information for processor 10
  Max Mhz: 2100, Current Mhz: 1500, Mhz Limit: 1491
Processor Information for processor 11
  Max Mhz: 2100, Current Mhz: 1500, Mhz Limit: 1491

Memory: 4k page, system-wide physical 16076M (1635M free)
TotalPageFile size 64340M (AvailPageFile size 0M)
current process WorkingSet (physical memory assigned to process): 123M, peak: 123M
current process commit charge ("private bytes"): 383M, peak: 384M

vm_info: Java HotSpot(TM) 64-Bit Server VM (23.0.2+7-58) for windows-amd64 JRE (23.0.2+7-58), built on 2024-11-29T09:34:55Z with MS VC++ 17.6 (VS2022)

END.
