#
# There is insufficient memory for the Java Runtime Environment to continue.
# Native memory allocation (mmap) failed to map 264241152 bytes. Error detail: G1 virtual space
# Possible reasons:
#   The system is out of physical RAM or swap space
#   This process is running with CompressedOops enabled, and the Java Heap may be blocking the growth of the native heap
# Possible solutions:
#   Reduce memory load on the system
#   Increase physical memory or swap space
#   Check if swap backing store is full
#   Decrease Java heap size (-Xmx/-Xms)
#   Decrease number of Java threads
#   Decrease Java thread stack sizes (-Xss)
#   Set larger code cache with -XX:ReservedCodeCacheSize=
#   JVM is running with Zero Based Compressed Oops mode in which the Java heap is
#     placed in the first 32GB address space. The Java Heap base address is the
#     maximum limit for the native heap growth. Please use -XX:HeapBaseMinAddress
#     to set the Java Heap base and to place the Java Heap above 32GB virtual address.
# This output file may be truncated or incomplete.
#
#  Out of Memory Error (os_windows.cpp:3707), pid=40964, tid=14236
#
# JRE version:  (23.0.2+7) (build )
# Java VM: Java HotSpot(TM) 64-Bit Server VM (23.0.2+7-58, mixed mode, sharing, tiered, compressed oops, compressed class ptrs, g1 gc, windows-amd64)
# No core dump will be written. Minidumps are not enabled by default on client versions of Windows
#

---------------  S U M M A R Y ------------

Command Line: -Dfile.encoding=UTF-8 --module-path=C:\Users\LENOVO\OneDrive\Documents\NetBeansProjects\AirlineManagementSystem\build\classes airlinemanagementsystem.Home

Host: 13th Gen Intel(R) Core(TM) i5-13420H, 12 cores, 15G,  Windows 11 , 64 bit Build 26100 (10.0.26100.3775)
Time: Tue Apr 29 00:43:55 2025 India Standard Time elapsed time: 2.519085 seconds (0d 0h 0m 2s)

---------------  T H R E A D  ---------------

Current thread (0x00000251b30f9820):  JavaThread "Unknown thread" [_thread_in_vm, id=14236, stack(0x0000005533900000,0x0000005533a00000) (1024K)]

Stack: [0x0000005533900000,0x0000005533a00000]
Native frames: (J=compiled Java code, j=interpreted, Vv=VM code, C=native code)
V  [jvm.dll+0x6e0b99]  (no source info available)
V  [jvm.dll+0x87e2b3]  (no source info available)
V  [jvm.dll+0x88073e]  (no source info available)
V  [jvm.dll+0x880e13]  (no source info available)
V  [jvm.dll+0x27b006]  (no source info available)
V  [jvm.dll+0x6dd485]  (no source info available)
V  [jvm.dll+0x6d127a]  (no source info available)
V  [jvm.dll+0x35b50a]  (no source info available)
V  [jvm.dll+0x363916]  (no source info available)
V  [jvm.dll+0x34fe7e]  (no source info available)
V  [jvm.dll+0x350118]  (no source info available)
V  [jvm.dll+0x328aec]  (no source info available)
V  [jvm.dll+0x32978e]  (no source info available)
V  [jvm.dll+0x8449a5]  (no source info available)
V  [jvm.dll+0x3b9a08]  (no source info available)
V  [jvm.dll+0x82d68c]  (no source info available)
V  [jvm.dll+0x454f2e]  (no source info available)
V  [jvm.dll+0x456db1]  (no source info available)
C  [jli.dll+0x52a3]  (no source info available)
C  [ucrtbase.dll+0x37b0]  (no source info available)
C  [KERNEL32.DLL+0x2e8d7]  (no source info available)
C  [ntdll.dll+0xb14fc]  (no source info available)

Lock stack of current Java thread (top to bottom):


---------------  P R O C E S S  ---------------

Threads class SMR info:
_java_thread_list=0x00007ff8c9dd4618, length=0, elements={
}

Java Threads: ( => current thread )
Total: 0

Other Threads:
  0x00000251b315e9f0 WorkerThread "GC Thread#0"                     [id=36204, stack(0x0000005533a00000,0x0000005533b00000) (1024K)]
  0x00000251b31744e0 ConcurrentGCThread "G1 Main Marker"            [id=47068, stack(0x0000005533b00000,0x0000005533c00000) (1024K)]
  0x00000251b3174ff0 WorkerThread "G1 Conc#0"                       [id=36788, stack(0x0000005533c00000,0x0000005533d00000) (1024K)]

[error occurred during error reporting (printing all threads), id 0xc0000005, EXCEPTION_ACCESS_VIOLATION (0xc0000005) at pc=0x00007ff8c951c0da]
VM state: not at safepoint (not fully initialized)

VM Mutex/Monitor currently owned by a thread:  ([mutex/lock_event])
[0x00007ff8c9e54988] Heap_lock - owner thread: 0x00000251b30f9820

Heap address: 0x0000000704c00000, size: 4020 MB, Compressed Oops mode: Zero based, Oop shift amount: 3

CDS archive(s) mapped at: [0x0000000000000000-0x0000000000000000-0x0000000000000000), size 0, SharedBaseAddress: 0x0000000800000000, ArchiveRelocationMode: 1.
Narrow klass base: 0x0000000000000000, Narrow klass shift: 0, Narrow klass range: 0x0

GC Precious Log:
 CardTable entry size: 512
 Card Set container configuration: InlinePtr #cards 4 size 8 Array Of Cards #cards 16 size 48 Howl #buckets 8 coarsen threshold 3686 Howl Bitmap #cards 512 size 80 coarsen threshold 460 Card regions per heap region 1 cards per card region 4096

Heap:
 garbage-first heap   total reserved 4116480K, committed 0K, used 0K [0x0000000704c00000, 0x0000000800000000)
  region size 2048K, 0 young (0K), 0 survivors (0K)

[error occurred during error reporting (printing heap information), id 0xc0000005, EXCEPTION_ACCESS_VIOLATION (0xc0000005) at pc=0x00007ff8c991c6a9]
GC Heap History (0 events):
No events

Dll operation events (1 events):
Event: 0.025 Loaded shared library C:\Program Files\Java\jdk-23\bin\java.dll

Deoptimization events (0 events):
No events

Classes loaded (0 events):
No events

Classes unloaded (0 events):
No events

Classes redefined (0 events):
No events

Internal exceptions (0 events):
No events

VM Operations (0 events):
No events

Memory protections (0 events):
No events

Nmethod flushes (0 events):
No events

Events (0 events):
No events


Dynamic libraries:
0x00007ff771de0000 - 0x00007ff771df0000 	C:\Program Files\Java\jdk-23\bin\java.exe
0x00007ff948a00000 - 0x00007ff948c60000 	C:\WINDOWS\SYSTEM32\ntdll.dll
0x00007ff947190000 - 0x00007ff947257000 	C:\WINDOWS\System32\KERNEL32.DLL
0x00007ff946230000 - 0x00007ff9465fa000 	C:\WINDOWS\System32\KERNELBASE.dll
0x00007ff945ca0000 - 0x00007ff945deb000 	C:\WINDOWS\System32\ucrtbase.dll
0x00007ff9301f0000 - 0x00007ff93020b000 	C:\Program Files\Java\jdk-23\bin\VCRUNTIME140.dll
0x00007ff9392e0000 - 0x00007ff9392f7000 	C:\Program Files\Java\jdk-23\bin\jli.dll
0x00007ff9481c0000 - 0x00007ff94838c000 	C:\WINDOWS\System32\USER32.dll
0x00007ff92c750000 - 0x00007ff92c9e7000 	C:\WINDOWS\WinSxS\amd64_microsoft.windows.common-controls_6595b64144ccf1df_6.0.26100.3624_none_3e086962e3345f24\COMCTL32.dll
0x00007ff945e90000 - 0x00007ff945eb7000 	C:\WINDOWS\System32\win32u.dll
0x00007ff948110000 - 0x00007ff9481b9000 	C:\WINDOWS\System32\msvcrt.dll
0x00007ff948830000 - 0x00007ff94885a000 	C:\WINDOWS\System32\GDI32.dll
0x00007ff9460f0000 - 0x00007ff946221000 	C:\WINDOWS\System32\gdi32full.dll
0x00007ff946040000 - 0x00007ff9460e3000 	C:\WINDOWS\System32\msvcp_win.dll
0x00007ff946920000 - 0x00007ff94694f000 	C:\WINDOWS\System32\IMM32.DLL
0x00007ff93fb00000 - 0x00007ff93fb0c000 	C:\Program Files\Java\jdk-23\bin\vcruntime140_1.dll
0x00007ff913b30000 - 0x00007ff913bbe000 	C:\Program Files\Java\jdk-23\bin\msvcp140.dll
0x00007ff8c91e0000 - 0x00007ff8c9f30000 	C:\Program Files\Java\jdk-23\bin\server\jvm.dll
0x00007ff946d90000 - 0x00007ff946e42000 	C:\WINDOWS\System32\ADVAPI32.dll
0x00007ff946c50000 - 0x00007ff946cf6000 	C:\WINDOWS\System32\sechost.dll
0x00007ff946800000 - 0x00007ff946916000 	C:\WINDOWS\System32\RPCRT4.dll
0x00007ff947350000 - 0x00007ff9473c4000 	C:\WINDOWS\System32\WS2_32.dll
0x00007ff93a7b0000 - 0x00007ff93a7e6000 	C:\WINDOWS\SYSTEM32\WINMM.dll
0x00007ff945a30000 - 0x00007ff945a8e000 	C:\WINDOWS\SYSTEM32\POWRPROF.dll
0x00007ff93a750000 - 0x00007ff93a75b000 	C:\WINDOWS\SYSTEM32\VERSION.dll
0x00007ff945a10000 - 0x00007ff945a24000 	C:\WINDOWS\SYSTEM32\UMPDC.dll
0x00007ff9449f0000 - 0x00007ff944a0a000 	C:\WINDOWS\SYSTEM32\kernel.appcore.dll
0x00007ff939960000 - 0x00007ff93996a000 	C:\Program Files\Java\jdk-23\bin\jimage.dll
0x00007ff9430d0000 - 0x00007ff943311000 	C:\WINDOWS\SYSTEM32\DBGHELP.DLL
0x00007ff9483a0000 - 0x00007ff948722000 	C:\WINDOWS\System32\combase.dll
0x00007ff9473d0000 - 0x00007ff9474a6000 	C:\WINDOWS\System32\OLEAUT32.dll
0x00007ff9262a0000 - 0x00007ff9262d9000 	C:\WINDOWS\SYSTEM32\dbgcore.DLL
0x00007ff945df0000 - 0x00007ff945e89000 	C:\WINDOWS\System32\bcryptPrimitives.dll
0x00007ff9301a0000 - 0x00007ff9301be000 	C:\Program Files\Java\jdk-23\bin\java.dll
0x00007ff946e50000 - 0x00007ff946fe6000 	C:\WINDOWS\System32\ole32.dll
0x00007ff947550000 - 0x00007ff947c79000 	C:\WINDOWS\System32\SHELL32.dll
0x00007ff946600000 - 0x00007ff946768000 	C:\WINDOWS\System32\wintypes.dll

dbghelp: loaded successfully - version: 4.0.5 - missing functions: none
symbol engine: initialized successfully - sym options: 0x614 - pdb path: .;C:\Program Files\Java\jdk-23\bin;C:\WINDOWS\SYSTEM32;C:\WINDOWS\WinSxS\amd64_microsoft.windows.common-controls_6595b64144ccf1df_6.0.26100.3624_none_3e086962e3345f24;C:\Program Files\Java\jdk-23\bin\server

VM Arguments:
jvm_args: -Dfile.encoding=UTF-8 --module-path=C:\Users\LENOVO\OneDrive\Documents\NetBeansProjects\AirlineManagementSystem\build\classes 
java_command: airlinemanagementsystem.Home
java_class_path (initial): C:\Users\LENOVO\Downloads\mysql-connector-java-8.0.28.jar;C:\Users\LENOVO\Downloads\rs2xml.jar;C:\Users\LENOVO\Downloads\jcalendar-tz-1.3.3-4.jar;C:\Users\LENOVO\OneDrive\Documents\NetBeansProjects\AirlineManagementSystem\build\classes
Launcher Type: SUN_STANDARD

[Global flags]
     intx CICompilerCount                          = 4                                         {product} {ergonomic}
     uint ConcGCThreads                            = 3                                         {product} {ergonomic}
     uint G1ConcRefinementThreads                  = 10                                        {product} {ergonomic}
   size_t G1HeapRegionSize                         = 2097152                                   {product} {ergonomic}
   size_t InitialHeapSize                          = 264241152                                 {product} {ergonomic}
   size_t MarkStackSize                            = 4194304                                   {product} {ergonomic}
   size_t MarkStackSizeMax                         = 536870912                                 {product} {ergonomic}
   size_t MaxHeapSize                              = 4215275520                                {product} {ergonomic}
   size_t MinHeapDeltaBytes                        = 2097152                                   {product} {ergonomic}
   size_t MinHeapSize                              = 8388608                                   {product} {ergonomic}
    uintx NonNMethodCodeHeapSize                   = 5832704                                {pd product} {ergonomic}
    uintx NonProfiledCodeHeapSize                  = 122945536                              {pd product} {ergonomic}
    uintx ProfiledCodeHeapSize                     = 122880000                              {pd product} {ergonomic}
    uintx ReservedCodeCacheSize                    = 251658240                              {pd product} {ergonomic}
     bool SegmentedCodeCache                       = true                                      {product} {ergonomic}
   size_t SoftMaxHeapSize                          = 4215275520                             {manageable} {ergonomic}
     bool UseCompressedOops                        = true                           {product lp64_product} {ergonomic}
     bool UseG1GC                                  = true                                      {product} {ergonomic}
     bool UseLargePagesIndividualAllocation        = false                                  {pd product} {ergonomic}

Logging:
Log output configuration:
 #0: stdout all=warning uptime,level,tags foldmultilines=false
 #1: stderr all=off uptime,level,tags foldmultilines=false

Environment Variables:
PATH=C:\app\LENOVO\product\21c\dbhomeXE\bin;C:\app\LENOVO\product\23ai\dbhomeFree\bin;C:\Program Files\Common Files\Oracle\Java\javapath;C:\WINDOWS\system32;C:\WINDOWS;C:\WINDOWS\System32\Wbem;C:\WINDOWS\System32\WindowsPowerShell\v1.0\;C:\WINDOWS\System32\OpenSSH\;C:\Program Files\nodejs\;C:\Program Files\Git\cmd;C:\MinGW\bin;C:\Program Files\Apache\Maven\apache-maven-3.9.9\bin;C:\Users\LENOVO\AppData\Local\Microsoft\WindowsApps;C:\Users\LENOVO\AppData\Local\Programs\Microsoft VS Code\bin;C:\MinGW\bin;C:\Users\LENOVO\AppData\Roaming\npm;
USERNAME=LENOVO
OS=Windows_NT
PROCESSOR_IDENTIFIER=Intel64 Family 6 Model 186 Stepping 2, GenuineIntel
TMP=C:\Users\LENOVO\AppData\Local\Temp
TEMP=C:\Users\LENOVO\AppData\Local\Temp




Periodic native trim disabled

---------------  S Y S T E M  ---------------

OS:
 Windows 11 , 64 bit Build 26100 (10.0.26100.3775)
OS uptime: 6 days 6:30 hours
Hyper-V role detected

CPU: total 12 (initial active 12) (6 cores per cpu, 2 threads per core) family 6 model 186 stepping 2 microcode 0x4112, cx8, cmov, fxsr, ht, mmx, 3dnowpref, sse, sse2, sse3, ssse3, sse4.1, sse4.2, popcnt, lzcnt, tsc, tscinvbit, avx, avx2, aes, erms, clmul, bmi1, bmi2, adx, sha, fma, vzeroupper, clflush, clflushopt, clwb, hv, serialize, rdtscp, rdpid, fsrm, gfni, f16c, cet_ibt, cet_ss
Processor Information for processor 0
  Max Mhz: 2100, Current Mhz: 2100, Mhz Limit: 2100
Processor Information for processor 1
  Max Mhz: 2100, Current Mhz: 2100, Mhz Limit: 2100
Processor Information for processor 2
  Max Mhz: 2100, Current Mhz: 2100, Mhz Limit: 2100
Processor Information for processor 3
  Max Mhz: 2100, Current Mhz: 2100, Mhz Limit: 2100
Processor Information for processor 4
  Max Mhz: 2100, Current Mhz: 2100, Mhz Limit: 2100
Processor Information for processor 5
  Max Mhz: 2100, Current Mhz: 2100, Mhz Limit: 2100
Processor Information for processor 6
  Max Mhz: 2100, Current Mhz: 1453, Mhz Limit: 2100
Processor Information for processor 7
  Max Mhz: 2100, Current Mhz: 2100, Mhz Limit: 2100
Processor Information for processor 8
  Max Mhz: 2100, Current Mhz: 1500, Mhz Limit: 1491
Processor Information for processor 9
  Max Mhz: 2100, Current Mhz: 1500, Mhz Limit: 1491
Processor Information for processor 10
  Max Mhz: 2100, Current Mhz: 1500, Mhz Limit: 1491
Processor Information for processor 11
  Max Mhz: 2100, Current Mhz: 1500, Mhz Limit: 1491

Memory: 4k page, system-wide physical 16076M (1538M free)
TotalPageFile size 64340M (AvailPageFile size 16M)
current process WorkingSet (physical memory assigned to process): 13M, peak: 13M
current process commit charge ("private bytes"): 65M, peak: 316M

vm_info: Java HotSpot(TM) 64-Bit Server VM (23.0.2+7-58) for windows-amd64 JRE (23.0.2+7-58), built on 2024-11-29T09:34:55Z with MS VC++ 17.6 (VS2022)

END.
